// Vitest Snapshot v1, https://vitest.dev/guide/snapshot.html

exports[`Skills:  1`] = `
{
  "affinity": 0,
  "attack": 100,
  "efr": 100,
}
`;

exports[`Skills: Agitator@5 1`] = `
{
  "affinity": 0.15,
  "attack": 120,
  "efr": 124.5,
}
`;

exports[`Skills: Critical Eye@5 1`] = `
{
  "affinity": 0.2,
  "attack": 100,
  "efr": 105,
}
`;

exports[`Skills: Weakness Exploit@5 1`] = `
{
  "affinity": 0.3,
  "attack": 100,
  "efr": 107.5,
}
`;

exports[`merge skills 1`] = `
Map {
  "Weakness Exploit" => 3,
  "Agitator" => 5,
}
`;
